­ƒöì Testing HTB API endpoints...


­ƒôí Testing: Search Users by Username
   URL: https://www.hackthebox.com/api/v4/search/users?searchTerm=Scorpi777
   Status: 404 Not Found
   ÔØî FAILED
   Error: <!DOCTYPE html>
<html lang="en">
    <head>
        <meta charset="utf-8">
        <meta name="viewport" content="width=device-width, initial-scale=1">

        <title>Not Found</title>

        <styl

­ƒôí Testing: Get Profile by User ID (sample ID=1)
   URL: https://www.hackthebox.com/api/v4/user/profile/basic/1
   Status: 404 Not Found
   ÔØî FAILED
   Error: <!DOCTYPE html>
<html lang="en">
    <head>
        <meta charset="utf-8">
        <meta name="viewport" content="width=device-width, initial-scale=1">

        <title>Not Found</title>

        <styl

­ƒôí Testing: Search Endpoint Alternative
   URL: https://www.hackthebox.com/api/v4/search/fetch?query=Scorpi777
   Status: 404 Not Found
   ÔØî FAILED
   Error: <!DOCTYPE html>
<html lang="en">
    <head>
        <meta charset="utf-8">
        <meta name="viewport" content="width=device-width, initial-scale=1">

        <title>Not Found</title>

        <styl

­ƒôí Testing: User Lookup
   URL: https://www.hackthebox.com/api/v4/user/info/Scorpi777
   Status: 404 Not Found
   ÔØî FAILED
   Error: <!DOCTYPE html>
<html lang="en">
    <head>
        <meta charset="utf-8">
        <meta name="viewport" content="width=device-width, initial-scale=1">

        <title>Not Found</title>

        <styl


­ƒôè SUMMARY:
==================================================
Test 1: ÔØî FAIL
Test 2: ÔØî FAIL
Test 3: ÔØî FAIL
Test 4: ÔØî FAIL

­ƒÆí RECOMMENDATION:
ÔÜá´©Å No endpoints working. Check:
   1. HTB_APP_TOKEN is valid
   2. Token has necessary permissions
   3. HTB API documentation for correct endpoints
